Archive member included to satisfy reference by file (symbol)

c:/program files (x86)/atollic/truestudio for stm32 9.3.0/armtools/bin/../lib/gcc/arm-atollic-eabi/6.3.1/../../../../arm-atollic-eabi/lib/armv7e-m/fpu\libc_nano.a(lib_a-errno.o)
                              Src\syscalls.o (__errno)
c:/program files (x86)/atollic/truestudio for stm32 9.3.0/armtools/bin/../lib/gcc/arm-atollic-eabi/6.3.1/../../../../arm-atollic-eabi/lib/armv7e-m/fpu\libc_nano.a(lib_a-impure.o)
                              c:/program files (x86)/atollic/truestudio for stm32 9.3.0/armtools/bin/../lib/gcc/arm-atollic-eabi/6.3.1/../../../../arm-atollic-eabi/lib/armv7e-m/fpu\libc_nano.a(lib_a-errno.o) (_impure_ptr)
c:/program files (x86)/atollic/truestudio for stm32 9.3.0/armtools/bin/../lib/gcc/arm-atollic-eabi/6.3.1/../../../../arm-atollic-eabi/lib/armv7e-m/fpu\libc_nano.a(lib_a-init.o)
                              startup\startup_stm32f429xx.o (__libc_init_array)
c:/program files (x86)/atollic/truestudio for stm32 9.3.0/armtools/bin/../lib/gcc/arm-atollic-eabi/6.3.1/../../../../arm-atollic-eabi/lib/armv7e-m/fpu\libc_nano.a(lib_a-memset.o)
                              Src\main.o (memset)
c:/program files (x86)/atollic/truestudio for stm32 9.3.0/armtools/bin/../lib/gcc/arm-atollic-eabi/6.3.1/armv7e-m/fpu\libgcc.a(_aeabi_uldivmod.o)
                              Drivers\STM32F4xx_HAL_Driver\Src\stm32f4xx_hal_rcc.o (__aeabi_uldivmod)
c:/program files (x86)/atollic/truestudio for stm32 9.3.0/armtools/bin/../lib/gcc/arm-atollic-eabi/6.3.1/armv7e-m/fpu\libgcc.a(_udivmoddi4.o)
                              c:/program files (x86)/atollic/truestudio for stm32 9.3.0/armtools/bin/../lib/gcc/arm-atollic-eabi/6.3.1/armv7e-m/fpu\libgcc.a(_aeabi_uldivmod.o) (__udivmoddi4)
c:/program files (x86)/atollic/truestudio for stm32 9.3.0/armtools/bin/../lib/gcc/arm-atollic-eabi/6.3.1/armv7e-m/fpu\libgcc.a(_dvmd_tls.o)
                              c:/program files (x86)/atollic/truestudio for stm32 9.3.0/armtools/bin/../lib/gcc/arm-atollic-eabi/6.3.1/armv7e-m/fpu\libgcc.a(_aeabi_uldivmod.o) (__aeabi_ldiv0)

Allocating common symbols
Common symbol       size              file

usart5_buffer       0xd               Src\main.o
hdma_uart4_rx       0x60              Src\main.o
hdma_usart2_rx      0x60              Src\main.o
hdma_usart6_rx      0x60              Src\main.o
usart6_data         0x7               Src\main.o
hdma_usart3_rx      0x60              Src\main.o
huart3              0x40              Src\main.o
hpcd_USB_OTG_FS     0x408             Src\main.o
stroke2             0x4               Src\main.o
temp_data           0xd               Src\main.o
u2                  0x4               Src\main.o
usart2_buffer       0xa               Src\main.o
stroke1             0x4               Src\main.o
uwTick              0x4               Drivers\STM32F4xx_HAL_Driver\Src\stm32f4xx_hal.o
pFlash              0x20              Drivers\STM32F4xx_HAL_Driver\Src\stm32f4xx_hal_flash.o
usart2_data         0x7               Src\main.o
u1                  0x4               Src\main.o
usart5_protocol     0xd               Src\main.o
huart5              0x40              Src\main.o
usart5_data         0xd               Src\main.o
hdac                0x14              Src\main.o
pulse_data          0x4               Src\main.o
htim1               0x40              Src\main.o
usart6_buffer       0xd               Src\main.o
rx_data             0xa               Src\main.o
huart6              0x40              Src\main.o
huart4              0x40              Src\main.o
htim2               0x40              Src\main.o
huart2              0x40              Src\main.o
hdma_uart5_rx       0x60              Src\main.o
heth                0x48              Src\main.o
mycommand           0x1               Src\main.o
tx_data             0x16              Src\main.o

Discarded input sections

 .text          0x00000000        0x0 c:/program files (x86)/atollic/truestudio for stm32 9.3.0/armtools/bin/../lib/gcc/arm-atollic-eabi/6.3.1/armv7e-m/fpu/crti.o
 .data          0x00000000        0x0 c:/program files (x86)/atollic/truestudio for stm32 9.3.0/armtools/bin/../lib/gcc/arm-atollic-eabi/6.3.1/armv7e-m/fpu/crti.o
 .bss           0x00000000        0x0 c:/program files (x86)/atollic/truestudio for stm32 9.3.0/armtools/bin/../lib/gcc/arm-atollic-eabi/6.3.1/armv7e-m/fpu/crti.o
 .data          0x00000000        0x4 c:/program files (x86)/atollic/truestudio for stm32 9.3.0/armtools/bin/../lib/gcc/arm-atollic-eabi/6.3.1/armv7e-m/fpu/crtbegin.o
 .text          0x00000000        0x0 Drivers\STM32F4xx_HAL_Driver\Src\stm32f4xx_hal.o
 .data          0x00000000        0x0 Drivers\STM32F4xx_HAL_Driver\Src\stm32f4xx_hal.o
 .bss           0x00000000        0x0 Drivers\STM32F4xx_HAL_Driver\Src\stm32f4xx_hal.o
 .text.HAL_MspInit
                0x00000000        0x2 Drivers\STM32F4xx_HAL_Driver\Src\stm32f4xx_hal.o
 .text.HAL_MspDeInit
[...]
Memory Configuration

Name             Origin             Length             Attributes
RAM              0x20000000         0x00030000         xrw
CCMRAM           0x10000000         0x00010000         rw
FLASH            0x08000000         0x00200000         xr
*default*        0x00000000         0xffffffff

Linker script and memory map

LOAD c:/program files (x86)/atollic/truestudio for stm32 9.3.0/armtools/bin/../lib/gcc/arm-atollic-eabi/6.3.1/armv7e-m/fpu/crti.o
LOAD c:/program files (x86)/atollic/truestudio for stm32 9.3.0/armtools/bin/../lib/gcc/arm-atollic-eabi/6.3.1/armv7e-m/fpu/crtbegin.o
LOAD Drivers\STM32F4xx_HAL_Driver\Src\stm32f4xx_hal.o
LOAD Drivers\STM32F4xx_HAL_Driver\Src\stm32f4xx_hal_cortex.o
LOAD Drivers\STM32F4xx_HAL_Driver\Src\stm32f4xx_hal_dac.o
LOAD Drivers\STM32F4xx_HAL_Driver\Src\stm32f4xx_hal_dac_ex.o
LOAD Drivers\STM32F4xx_HAL_Driver\Src\stm32f4xx_hal_dma.o
LOAD Drivers\STM32F4xx_HAL_Driver\Src\stm32f4xx_hal_dma_ex.o
LOAD Drivers\STM32F4xx_HAL_Driver\Src\stm32f4xx_hal_eth.o
LOAD Drivers\STM32F4xx_HAL_Driver\Src\stm32f4xx_hal_exti.o
LOAD Drivers\STM32F4xx_HAL_Driver\Src\stm32f4xx_hal_flash.o
LOAD Drivers\STM32F4xx_HAL_Driver\Src\stm32f4xx_hal_flash_ex.o
LOAD Drivers\STM32F4xx_HAL_Driver\Src\stm32f4xx_hal_flash_ramfunc.o
LOAD Drivers\STM32F4xx_HAL_Driver\Src\stm32f4xx_hal_gpio.o
LOAD Drivers\STM32F4xx_HAL_Driver\Src\stm32f4xx_hal_pcd.o
LOAD Drivers\STM32F4xx_HAL_Driver\Src\stm32f4xx_hal_pcd_ex.o
LOAD Drivers\STM32F4xx_HAL_Driver\Src\stm32f4xx_hal_pwr.o
LOAD Drivers\STM32F4xx_HAL_Driver\Src\stm32f4xx_hal_pwr_ex.o
LOAD Drivers\STM32F4xx_HAL_Driver\Src\stm32f4xx_hal_rcc.o
LOAD Drivers\STM32F4xx_HAL_Driver\Src\stm32f4xx_hal_rcc_ex.o
LOAD Drivers\STM32F4xx_HAL_Driver\Src\stm32f4xx_hal_tim.o
LOAD Drivers\STM32F4xx_HAL_Driver\Src\stm32f4xx_hal_tim_ex.o
LOAD Drivers\STM32F4xx_HAL_Driver\Src\stm32f4xx_hal_uart.o
LOAD Drivers\STM32F4xx_HAL_Driver\Src\stm32f4xx_ll_usb.o
LOAD Src\main.o
LOAD Src\stm32f4xx_hal_msp.o
LOAD Src\stm32f4xx_it.o
LOAD Src\syscalls.o
LOAD Src\system_stm32f4xx.o
LOAD startup\startup_stm32f429xx.o
                0x00000080                malloc_getpagesize_P = 0x80
START GROUP
LOAD c:/program files (x86)/atollic/truestudio for stm32 9.3.0/armtools/bin/../lib/gcc/arm-atollic-eabi/6.3.1/../../../../arm-atollic-eabi/lib/armv7e-m/fpu\libc_nano.a
LOAD c:/program files (x86)/atollic/truestudio for stm32 9.3.0/armtools/bin/../lib/gcc/arm-atollic-eabi/6.3.1/../../../../arm-atollic-eabi/lib/armv7e-m/fpu\libm.a
END GROUP
START GROUP
LOAD c:/program files (x86)/atollic/truestudio for stm32 9.3.0/armtools/bin/../lib/gcc/arm-atollic-eabi/6.3.1/armv7e-m/fpu\libgcc.a
LOAD c:/program files (x86)/atollic/truestudio for stm32 9.3.0/armtools/bin/../lib/gcc/arm-atollic-eabi/6.3.1/../../../../arm-atollic-eabi/lib/armv7e-m/fpu\libc_nano.a
END GROUP
START GROUP
LOAD c:/program files (x86)/atollic/truestudio for stm32 9.3.0/armtools/bin/../lib/gcc/arm-atollic-eabi/6.3.1/armv7e-m/fpu\libgcc.a
LOAD c:/program files (x86)/atollic/truestudio for stm32 9.3.0/armtools/bin/../lib/gcc/arm-atollic-eabi/6.3.1/../../../../arm-atollic-eabi/lib/armv7e-m/fpu\libc_nano.a
LOAD c:/program files (x86)/atollic/truestudio for stm32 9.3.0/armtools/bin/../lib/gcc/arm-atollic-eabi/6.3.1/../../../../arm-atollic-eabi/lib/armv7e-m/fpu\libnosys.a
END GROUP
START GROUP
LOAD c:/program files (x86)/atollic/truestudio for stm32 9.3.0/armtools/bin/../lib/gcc/arm-atollic-eabi/6.3.1/armv7e-m/fpu\libgcc.a
LOAD c:/program files (x86)/atollic/truestudio for stm32 9.3.0/armtools/bin/../lib/gcc/arm-atollic-eabi/6.3.1/../../../../arm-atollic-eabi/lib/armv7e-m/fpu\libc_nano.a
LOAD c:/program files (x86)/atollic/truestudio for stm32 9.3.0/armtools/bin/../lib/gcc/arm-atollic-eabi/6.3.1/../../../../arm-atollic-eabi/lib/armv7e-m/fpu\libnosys.a
END GROUP
LOAD c:/program files (x86)/atollic/truestudio for stm32 9.3.0/armtools/bin/../lib/gcc/arm-atollic-eabi/6.3.1/armv7e-m/fpu/crtend.o
LOAD c:/program files (x86)/atollic/truestudio for stm32 9.3.0/armtools/bin/../lib/gcc/arm-atollic-eabi/6.3.1/armv7e-m/fpu/crtn.o
                0x20030000                _estack = 0x20030000
                0x00000200                _Min_Heap_Size = 0x200
                0x00000400                _Min_Stack_Size = 0x400

.isr_vector     0x08000000      0x1ac
                0x08000000                . = ALIGN (0x4)
 *(.isr_vector)
 .isr_vector    0x08000000      0x1ac startup\startup_stm32f429xx.o
                0x08000000                g_pfnVectors
                0x080001ac                . = ALIGN (0x4)

.text           0x080001ac     0x40f4
                0x080001ac                . = ALIGN (0x4)
 *(.text)
 .text          0x080001ac       0x40 c:/program files (x86)/atollic/truestudio for stm32 9.3.0/armtools/bin/../lib/gcc/arm-atollic-eabi/6.3.1/armv7e-m/fpu/crtbegin.o
 .text          0x080001ec       0x30 c:/program files (x86)/atollic/truestudio for stm32 9.3.0/armtools/bin/../lib/gcc/arm-atollic-eabi/6.3.1/armv7e-m/fpu\libgcc.a(_aeabi_uldivmod.o)
                0x080001ec                __aeabi_uldivmod
 .text          0x0800021c      0x2dc c:/program files (x86)/atollic/truestudio for stm32 9.3.0/armtools/bin/../lib/gcc/arm-atollic-eabi/6.3.1/armv7e-m/fpu\libgcc.a(_udivmoddi4.o)
                0x0800021c                __udivmoddi4
 .text          0x080004f8        0x4 c:/program files (x86)/atollic/truestudio for stm32 9.3.0/armtools/bin/../lib/gcc/arm-atollic-eabi/6.3.1/armv7e-m/fpu\libgcc.a(_dvmd_tls.o)
                0x080004f8                __aeabi_idiv0
                0x080004f8                __aeabi_ldiv0
 *(.text*)
 .text.HAL_InitTick
                0x080004fc       0x48 Drivers\STM32F4xx_HAL_Driver\Src\stm32f4xx_hal.o
                0x080004fc                HAL_InitTick
 .text.HAL_Init
                0x08000544       0x34 Drivers\STM32F4xx_HAL_Driver\Src\stm32f4xx_hal.o
                0x08000544                HAL_Init
 .text.HAL_IncTick
                0x08000578       0x18 Drivers\STM32F4xx_HAL_Driver\Src\stm32f4xx_hal.o
                0x08000578                HAL_IncTick
 .text.HAL_GetTick
                0x08000590        0xc Drivers\STM32F4xx_HAL_Driver\Src\stm32f4xx_hal.o
                0x08000590                HAL_GetTick
 .text.HAL_Delay
                0x0800059c       0x28 Drivers\STM32F4xx_HAL_Driver\Src\stm32f4xx_hal.o
                0x0800059c                HAL_Delay
 .text.HAL_NVIC_SetPriorityGrouping
                0x080005c4       0x24 Drivers\STM32F4xx_HAL_Driver\Src\stm32f4xx_hal_cortex.o
                0x080005c4                HAL_NVIC_SetPriorityGrouping
 .text.HAL_NVIC_SetPriority
                0x080005e8       0x68 Drivers\STM32F4xx_HAL_Driver\Src\stm32f4xx_hal_cortex.o
                0x080005e8                HAL_NVIC_SetPriority
 .text.HAL_NVIC_EnableIRQ
                0x08000650       0x1c Drivers\STM32F4xx_HAL_Driver\Src\stm32f4xx_hal_cortex.o
                0x08000650                HAL_NVIC_EnableIRQ
 .text.HAL_SYSTICK_Config
                0x0800066c       0x2c Drivers\STM32F4xx_HAL_Driver\Src\stm32f4xx_hal_cortex.o
                0x0800066c                HAL_SYSTICK_Config
 .text.HAL_DAC_Init
                0x08000698       0x26 Drivers\STM32F4xx_HAL_Driver\Src\stm32f4xx_hal_dac.o
                0x08000698                HAL_DAC_Init
 .text.HAL_DAC_Start
                0x080006be       0x5c Drivers\STM32F4xx_HAL_Driver\Src\stm32f4xx_hal_dac.o
                0x080006be                HAL_DAC_Start
 .text.HAL_DAC_Stop
                0x0800071a       0x18 Drivers\STM32F4xx_HAL_Driver\Src\stm32f4xx_hal_dac.o
                0x0800071a                HAL_DAC_Stop
 .text.HAL_DAC_ConfigChannel
                0x08000732       0x40 Drivers\STM32F4xx_HAL_Driver\Src\stm32f4xx_hal_dac.o
                0x08000732                HAL_DAC_ConfigChannel
 .text.HAL_DAC_SetValue
                0x08000772       0x24 Drivers\STM32F4xx_HAL_Driver\Src\stm32f4xx_hal_dac.o
                0x08000772                HAL_DAC_SetValue
 *fill*         0x08000796        0x2 
 .text.DMA_CalcBaseAndBitshift
                0x08000798       0x2c Drivers\STM32F4xx_HAL_Driver\Src\stm32f4xx_hal_dma.o
 .text.HAL_DMA_Init
                0x080007c4       0xfc Drivers\STM32F4xx_HAL_Driver\Src\stm32f4xx_hal_dma.o
                0x080007c4                HAL_DMA_Init
 .text.HAL_DMA_Start_IT
                0x080008c0       0x7c Drivers\STM32F4xx_HAL_Driver\Src\stm32f4xx_hal_dma.o
                0x080008c0                HAL_DMA_Start_IT
 .text.HAL_DMA_Abort
                0x0800093c       0x86 Drivers\STM32F4xx_HAL_Driver\Src\stm32f4xx_hal_dma.o
                0x0800093c                HAL_DMA_Abort
 *fill*         0x080009c2        0x2 
 .text.HAL_DMA_IRQHandler
                0x080009c4      0x174 Drivers\STM32F4xx_HAL_Driver\Src\stm32f4xx_hal_dma.o
                0x080009c4                HAL_DMA_IRQHandler
 .text.ETH_MACDMAConfig
                0x08000b38       0xf8 Drivers\STM32F4xx_HAL_Driver\Src\stm32f4xx_hal_eth.o
 .text.HAL_ETH_ReadPHYRegister
                0x08000c30       0x74 Drivers\STM32F4xx_HAL_Driver\Src\stm32f4xx_hal_eth.o
                0x08000c30                HAL_ETH_ReadPHYRegister
 .text.HAL_ETH_WritePHYRegister
                0x08000ca4       0x6e Drivers\STM32F4xx_HAL_Driver\Src\stm32f4xx_hal_eth.o
                0x08000ca4                HAL_ETH_WritePHYRegister
 *fill*         0x08000d12        0x2 
 .text.HAL_ETH_Init
                0x08000d14      0x1f8 Drivers\STM32F4xx_HAL_Driver\Src\stm32f4xx_hal_eth.o
                0x08000d14                HAL_ETH_Init
 .text.HAL_GPIO_Init
                0x08000f0c      0x1d8 Drivers\STM32F4xx_HAL_Driver\Src\stm32f4xx_hal_gpio.o
                0x08000f0c                HAL_GPIO_Init
 .text.HAL_GPIO_ReadPin
                0x080010e4        0xc Drivers\STM32F4xx_HAL_Driver\Src\stm32f4xx_hal_gpio.o
                0x080010e4                HAL_GPIO_ReadPin
 .text.HAL_GPIO_WritePin
                0x080010f0        0xa Drivers\STM32F4xx_HAL_Driver\Src\stm32f4xx_hal_gpio.o
                0x080010f0                HAL_GPIO_WritePin
 *fill*         0x080010fa        0x2 
 .text.HAL_GPIO_EXTI_IRQHandler
                0x080010fc       0x18 Drivers\STM32F4xx_HAL_Driver\Src\stm32f4xx_hal_gpio.o
                0x080010fc                HAL_GPIO_EXTI_IRQHandler
 .text.HAL_PCD_Init
                0x08001114      0x10e Drivers\STM32F4xx_HAL_Driver\Src\stm32f4xx_hal_pcd.o
                0x08001114                HAL_PCD_Init
 *fill*         0x08001222        0x2 
 .text.HAL_RCC_OscConfig
                0x08001224      0x304 Drivers\STM32F4xx_HAL_Driver\Src\stm32f4xx_hal_rcc.o
                0x08001224                HAL_RCC_OscConfig
 .text.HAL_RCC_GetSysClockFreq
                0x08001528       0x5c Drivers\STM32F4xx_HAL_Driver\Src\stm32f4xx_hal_rcc.o
                0x08001528                HAL_RCC_GetSysClockFreq
 .text.HAL_RCC_ClockConfig
                0x08001584      0x134 Drivers\STM32F4xx_HAL_Driver\Src\stm32f4xx_hal_rcc.o
                0x08001584                HAL_RCC_ClockConfig
 .text.HAL_RCC_GetHCLKFreq
                0x080016b8        0xc Drivers\STM32F4xx_HAL_Driver\Src\stm32f4xx_hal_rcc.o
                0x080016b8                HAL_RCC_GetHCLKFreq
 .text.HAL_RCC_GetPCLK1Freq
                0x080016c4       0x20 Drivers\STM32F4xx_HAL_Driver\Src\stm32f4xx_hal_rcc.o
                0x080016c4                HAL_RCC_GetPCLK1Freq
 .text.HAL_RCC_GetPCLK2Freq
                0x080016e4       0x20 Drivers\STM32F4xx_HAL_Driver\Src\stm32f4xx_hal_rcc.o
                0x080016e4                HAL_RCC_GetPCLK2Freq
 .text.TIM_OC1_SetConfig
                0x08001704       0x64 Drivers\STM32F4xx_HAL_Driver\Src\stm32f4xx_hal_tim.o
 .text.TIM_OC3_SetConfig
                0x08001768       0x6c Drivers\STM32F4xx_HAL_Driver\Src\stm32f4xx_hal_tim.o
 .text.TIM_OC4_SetConfig
                0x080017d4       0x4c Drivers\STM32F4xx_HAL_Driver\Src\stm32f4xx_hal_tim.o
 .text.HAL_TIM_OC_MspInit
                0x08001820        0x2 Drivers\STM32F4xx_HAL_Driver\Src\stm32f4xx_hal_tim.o
                0x08001820                HAL_TIM_OC_MspInit
 .text.HAL_TIM_Encoder_Start
                0x08001822       0x44 Drivers\STM32F4xx_HAL_Driver\Src\stm32f4xx_hal_tim.o
                0x08001822                HAL_TIM_Encoder_Start
 .text.HAL_TIM_Encoder_Stop
                0x08001866       0x48 Drivers\STM32F4xx_HAL_Driver\Src\stm32f4xx_hal_tim.o
                0x08001866                HAL_TIM_Encoder_Stop
 *fill*         0x080018ae        0x2 
 .text.TIM_Base_SetConfig
                0x080018b0       0xcc Drivers\STM32F4xx_HAL_Driver\Src\stm32f4xx_hal_tim.o
                0x080018b0                TIM_Base_SetConfig
 .text.HAL_TIM_Base_Init
                0x0800197c       0x34 Drivers\STM32F4xx_HAL_Driver\Src\stm32f4xx_hal_tim.o
                0x0800197c                HAL_TIM_Base_Init
 .text.HAL_TIM_OC_Init
                0x080019b0       0x34 Drivers\STM32F4xx_HAL_Driver\Src\stm32f4xx_hal_tim.o
                0x080019b0                HAL_TIM_OC_Init
 .text.HAL_TIM_Encoder_Init
                0x080019e4       0x96 Drivers\STM32F4xx_HAL_Driver\Src\stm32f4xx_hal_tim.o
                0x080019e4                HAL_TIM_Encoder_Init
 *fill*         0x08001a7a        0x2 
 .text.TIM_OC2_SetConfig
                0x08001a7c       0x6c Drivers\STM32F4xx_HAL_Driver\Src\stm32f4xx_hal_tim.o
                0x08001a7c                TIM_OC2_SetConfig
 .text.HAL_TIM_OC_ConfigChannel
                0x08001ae8       0x5c Drivers\STM32F4xx_HAL_Driver\Src\stm32f4xx_hal_tim.o
                0x08001ae8                HAL_TIM_OC_ConfigChannel
 .text.TIM_ETR_SetConfig
                0x08001b44       0x14 Drivers\STM32F4xx_HAL_Driver\Src\stm32f4xx_hal_tim.o
                0x08001b44                TIM_ETR_SetConfig
 .text.HAL_TIM_ConfigClockSource
                0x08001b58      0x128 Drivers\STM32F4xx_HAL_Driver\Src\stm32f4xx_hal_tim.o
                0x08001b58                HAL_TIM_ConfigClockSource
 .text.TIM_CCxChannelCmd
                0x08001c80       0x1c Drivers\STM32F4xx_HAL_Driver\Src\stm32f4xx_hal_tim.o
                0x08001c80                TIM_CCxChannelCmd
 .text.HAL_TIM_OC_Stop
                0x08001c9c       0x5c Drivers\STM32F4xx_HAL_Driver\Src\stm32f4xx_hal_tim.o
                0x08001c9c                HAL_TIM_OC_Stop
 .text.HAL_TIM_PWM_Start
                0x08001cf8       0x40 Drivers\STM32F4xx_HAL_Driver\Src\stm32f4xx_hal_tim.o
                0x08001cf8                HAL_TIM_PWM_Start
 .text.HAL_TIM_OC_Start
                0x08001d38        0x4 Drivers\STM32F4xx_HAL_Driver\Src\stm32f4xx_hal_tim.o
                0x08001d38                HAL_TIM_OC_Start
 .text.HAL_TIMEx_MasterConfigSynchronization
                0x08001d3c       0x3c Drivers\STM32F4xx_HAL_Driver\Src\stm32f4xx_hal_tim_ex.o
                0x08001d3c                HAL_TIMEx_MasterConfigSynchronization
 .text.HAL_TIMEx_ConfigBreakDeadTime
                0x08001d78       0x4c Drivers\STM32F4xx_HAL_Driver\Src\stm32f4xx_hal_tim_ex.o
                0x08001d78                HAL_TIMEx_ConfigBreakDeadTime
 .text.UART_EndRxTransfer
                0x08001dc4       0x1a Drivers\STM32F4xx_HAL_Driver\Src\stm32f4xx_hal_uart.o
 *fill*         0x08001dde        0x2 
 .text.UART_SetConfig
                0x08001de0      0x234 Drivers\STM32F4xx_HAL_Driver\Src\stm32f4xx_hal_uart.o
 .text.UART_WaitOnFlagUntilTimeout.constprop.3
                0x08002014       0x50 Drivers\STM32F4xx_HAL_Driver\Src\stm32f4xx_hal_uart.o
 .text.HAL_UART_Init
                0x08002064       0x5c Drivers\STM32F4xx_HAL_Driver\Src\stm32f4xx_hal_uart.o
                0x08002064                HAL_UART_Init
 .text.HAL_UART_Transmit
                0x080020c0       0xba Drivers\STM32F4xx_HAL_Driver\Src\stm32f4xx_hal_uart.o
                0x080020c0                HAL_UART_Transmit
 *fill*         0x0800217a        0x2 
 .text.HAL_UART_Receive_DMA
                0x0800217c       0x90 Drivers\STM32F4xx_HAL_Driver\Src\stm32f4xx_hal_uart.o
                0x0800217c                HAL_UART_Receive_DMA
 .text.HAL_UART_DMAStop
                0x0800220c       0x5e Drivers\STM32F4xx_HAL_Driver\Src\stm32f4xx_hal_uart.o
                0x0800220c                HAL_UART_DMAStop
 .text.UART_DMAReceiveCplt
                0x0800226a       0x38 Drivers\STM32F4xx_HAL_Driver\Src\stm32f4xx_hal_uart.o
 .text.HAL_UART_RxHalfCpltCallback
                0x080022a2        0x2 Drivers\STM32F4xx_HAL_Driver\Src\stm32f4xx_hal_uart.o
                0x080022a2                HAL_UART_RxHalfCpltCallback
 .text.UART_DMARxHalfCplt
                0x080022a4        0xa Drivers\STM32F4xx_HAL_Driver\Src\stm32f4xx_hal_uart.o
 .text.HAL_UART_ErrorCallback
                0x080022ae        0x2 Drivers\STM32F4xx_HAL_Driver\Src\stm32f4xx_hal_uart.o
                0x080022ae                HAL_UART_ErrorCallback
 .text.UART_DMAError
                0x080022b0       0x4e Drivers\STM32F4xx_HAL_Driver\Src\stm32f4xx_hal_uart.o
 *fill*         0x080022fe        0x2 
 .text.USB_CoreReset
                0x08002300       0x30 Drivers\STM32F4xx_HAL_Driver\Src\stm32f4xx_ll_usb.o
 .text.USB_CoreInit
                0x08002330       0x80 Drivers\STM32F4xx_HAL_Driver\Src\stm32f4xx_ll_usb.o
                0x08002330                USB_CoreInit
 .text.USB_DisableGlobalInt
                0x080023b0        0xc Drivers\STM32F4xx_HAL_Driver\Src\stm32f4xx_ll_usb.o
                0x080023b0                USB_DisableGlobalInt
 .text.USB_SetCurrentMode
                0x080023bc       0x2e Drivers\STM32F4xx_HAL_Driver\Src\stm32f4xx_ll_usb.o
                0x080023bc                USB_SetCurrentMode
 *fill*         0x080023ea        0x2 
 .text.USB_FlushTxFifo
                0x080023ec       0x24 Drivers\STM32F4xx_HAL_Driver\Src\stm32f4xx_ll_usb.o
                0x080023ec                USB_FlushTxFifo
 .text.USB_FlushRxFifo
                0x08002410       0x20 Drivers\STM32F4xx_HAL_Driver\Src\stm32f4xx_ll_usb.o
                0x08002410                USB_FlushRxFifo
 .text.USB_SetDevSpeed
                0x08002430        0xe Drivers\STM32F4xx_HAL_Driver\Src\stm32f4xx_ll_usb.o
                0x08002430                USB_SetDevSpeed
 *fill*         0x0800243e        0x2 
 .text.USB_DevInit
                0x08002440      0x188 Drivers\STM32F4xx_HAL_Driver\Src\stm32f4xx_ll_usb.o
                0x08002440                USB_DevInit
 .text.USB_DevDisconnect
                0x080025c8       0x18 Drivers\STM32F4xx_HAL_Driver\Src\stm32f4xx_ll_usb.o
                0x080025c8                USB_DevDisconnect
 .text.HAL_GPIO_EXTI_Callback
                0x080025e0       0x1c Src\main.o
                0x080025e0                HAL_GPIO_EXTI_Callback
 .text.readLoadcell
                0x080025fc       0xb4 Src\main.o
                0x080025fc                readLoadcell
 .text.readTorque
                0x080026b0       0x98 Src\main.o
                0x080026b0                readTorque
 .text.command  0x08002748       0xa4 Src\main.o
                0x08002748                command
 .text.readMotorDriver
                0x080027ec      0x100 Src\main.o
                0x080027ec                readMotorDriver
 .text.HAL_UART_RxCpltCallback
                0x080028ec       0xbc Src\main.o
                0x080028ec                HAL_UART_RxCpltCallback
 .text.CheckSum
                0x080029a8       0x1a Src\main.o
                0x080029a8                CheckSum
 *fill*         0x080029c2        0x2 
 .text.RotateCommand
                0x080029c4       0x5c Src\main.o
                0x080029c4                RotateCommand
 .text.CheckPosition
                0x08002a20       0x8c Src\main.o
                0x08002a20                CheckPosition
 .text.CurrentCommand
                0x08002aac      0x110 Src\main.o
                0x08002aac                CurrentCommand
 .text.SendData
                0x08002bbc       0x74 Src\main.o
                0x08002bbc                SendData
 .text.SystemClock_Config
                0x08002c30       0x98 Src\main.o
                0x08002c30                SystemClock_Config
 .text.CheckSafety
                0x08002cc8      0x258 Src\main.o
                0x08002cc8                CheckSafety
 .text.Emergency
                0x08002f20       0x64 Src\main.o
                0x08002f20                Emergency
 .text.CheckStatus
                0x08002f84       0x4c Src\main.o
                0x08002f84                CheckStatus
 .text.Rotate_Assist
                0x08002fd0       0xe0 Src\main.o
                0x08002fd0                Rotate_Assist
 .text.Rotate_Resist
                0x080030b0       0xa8 Src\main.o
                0x080030b0                Rotate_Resist
 .text.Translate_Assist
                0x08003158      0x194 Src\main.o
                0x08003158                Translate_Assist
 .text.Translate_Resist
                0x080032ec      0x148 Src\main.o
                0x080032ec                Translate_Resist
 .text.PushOff  0x08003434       0x74 Src\main.o
                0x08003434                PushOff
 .text.wheel    0x080034a8       0xa0 Src\main.o
                0x080034a8                wheel
 .text.Adjust_Height_Up
                0x08003548       0x58 Src\main.o
                0x08003548                Adjust_Height_Up
 .text.CheckMode
                0x080035a0       0x54 Src\main.o
                0x080035a0                CheckMode
 .text.startup.main
                0x080035f4      0x524 Src\main.o
                0x080035f4                main
 .text.Error_Handler
                0x08003b18        0x2 Src\main.o
                0x08003b18                Error_Handler
 *fill*         0x08003b1a        0x2 
 .text.HAL_MspInit
                0x08003b1c       0x38 Src\stm32f4xx_hal_msp.o
                0x08003b1c                HAL_MspInit
 .text.HAL_DAC_MspInit
                0x08003b54       0x64 Src\stm32f4xx_hal_msp.o
                0x08003b54                HAL_DAC_MspInit
 .text.HAL_ETH_MspInit
                0x08003bb8      0x11c Src\stm32f4xx_hal_msp.o
                0x08003bb8                HAL_ETH_MspInit
 .text.HAL_TIM_Base_MspInit
                0x08003cd4       0x30 Src\stm32f4xx_hal_msp.o
                0x08003cd4                HAL_TIM_Base_MspInit
 .text.HAL_TIM_Encoder_MspInit
                0x08003d04       0x8c Src\stm32f4xx_hal_msp.o
                0x08003d04                HAL_TIM_Encoder_MspInit
 .text.HAL_TIM_MspPostInit
                0x08003d90       0x58 Src\stm32f4xx_hal_msp.o
                0x08003d90                HAL_TIM_MspPostInit
 .text.HAL_UART_MspInit
                0x08003de8      0x2cc Src\stm32f4xx_hal_msp.o
                0x08003de8                HAL_UART_MspInit
 .text.HAL_PCD_MspInit
                0x080040b4       0x84 Src\stm32f4xx_hal_msp.o
                0x080040b4                HAL_PCD_MspInit
 .text.NMI_Handler
                0x08004138        0x2 Src\stm32f4xx_it.o
                0x08004138                NMI_Handler
 .text.HardFault_Handler
                0x0800413a        0x2 Src\stm32f4xx_it.o
                0x0800413a                HardFault_Handler
 .text.MemManage_Handler
                0x0800413c        0x2 Src\stm32f4xx_it.o
                0x0800413c                MemManage_Handler
 .text.BusFault_Handler
                0x0800413e        0x2 Src\stm32f4xx_it.o
                0x0800413e                BusFault_Handler
 .text.UsageFault_Handler
                0x08004140        0x2 Src\stm32f4xx_it.o
                0x08004140                UsageFault_Handler
 .text.SVC_Handler
                0x08004142        0x2 Src\stm32f4xx_it.o
                0x08004142                SVC_Handler
 .text.DebugMon_Handler
                0x08004144        0x2 Src\stm32f4xx_it.o
                0x08004144                DebugMon_Handler
 .text.PendSV_Handler
                0x08004146        0x2 Src\stm32f4xx_it.o
                0x08004146                PendSV_Handler
 .text.SysTick_Handler
                0x08004148        0x4 Src\stm32f4xx_it.o
                0x08004148                SysTick_Handler
 .text.EXTI0_IRQHandler
                0x0800414c        0x6 Src\stm32f4xx_it.o
                0x0800414c                EXTI0_IRQHandler
 *fill*         0x08004152        0x2 
 .text.DMA1_Stream0_IRQHandler
                0x08004154        0xc Src\stm32f4xx_it.o
                0x08004154                DMA1_Stream0_IRQHandler
 .text.DMA1_Stream1_IRQHandler
                0x08004160        0xc Src\stm32f4xx_it.o
                0x08004160                DMA1_Stream1_IRQHandler
 .text.DMA1_Stream2_IRQHandler
                0x0800416c        0xc Src\stm32f4xx_it.o
                0x0800416c                DMA1_Stream2_IRQHandler
 .text.DMA1_Stream5_IRQHandler
                0x08004178        0xc Src\stm32f4xx_it.o
                0x08004178                DMA1_Stream5_IRQHandler
 .text.DMA2_Stream1_IRQHandler
                0x08004184        0xc Src\stm32f4xx_it.o
                0x08004184                DMA2_Stream1_IRQHandler
 .text.SystemInit
                0x08004190       0x4c Src\system_stm32f4xx.o
                0x08004190                SystemInit
 .text.Reset_Handler
                0x080041dc       0x50 startup\startup_stm32f429xx.o
                0x080041dc                Reset_Handler
 .text.Default_Handler
                0x0800422c        0x2 startup\startup_stm32f429xx.o
                0x0800422c                RTC_Alarm_IRQHandler
                0x0800422c                HASH_RNG_IRQHandler
                0x0800422c                EXTI2_IRQHandler
                0x0800422c                TIM8_CC_IRQHandler
                0x0800422c                UART8_IRQHandler
                0x0800422c                SPI4_IRQHandler
                0x0800422c                TIM1_CC_IRQHandler
                0x0800422c                DMA2_Stream5_IRQHandler
                0x0800422c                PVD_IRQHandler
                0x0800422c                SDIO_IRQHandler
                0x0800422c                TAMP_STAMP_IRQHandler
                0x0800422c                CAN2_RX1_IRQHandler
                0x0800422c                EXTI3_IRQHandler
                0x0800422c                TIM8_TRG_COM_TIM14_IRQHandler
                0x0800422c                TIM1_UP_TIM10_IRQHandler
                0x0800422c                TIM8_UP_TIM13_IRQHandler
                0x0800422c                I2C3_ER_IRQHandler
                0x0800422c                I2C2_EV_IRQHandler
                0x0800422c                CAN1_RX0_IRQHandler
                0x0800422c                FPU_IRQHandler
                0x0800422c                OTG_HS_WKUP_IRQHandler
                0x0800422c                LTDC_ER_IRQHandler
                0x0800422c                CAN2_SCE_IRQHandler
                0x0800422c                DMA2_Stream2_IRQHandler
                0x0800422c                SPI1_IRQHandler
                0x0800422c                TIM6_DAC_IRQHandler
                0x0800422c                TIM1_BRK_TIM9_IRQHandler
                0x0800422c                DCMI_IRQHandler
                0x0800422c                CAN2_RX0_IRQHandler
                0x0800422c                DMA2_Stream3_IRQHandler
                0x0800422c                USART6_IRQHandler
                0x0800422c                USART3_IRQHandler
                0x0800422c                CAN1_RX1_IRQHandler
                0x0800422c                UART5_IRQHandler
                0x0800422c                DMA2_Stream0_IRQHandler
                0x0800422c                TIM4_IRQHandler
                0x0800422c                I2C1_EV_IRQHandler
                0x0800422c                DMA1_Stream6_IRQHandler
                0x0800422c                UART4_IRQHandler
                0x0800422c                TIM3_IRQHandler
                0x0800422c                RCC_IRQHandler
                0x0800422c                TIM8_BRK_TIM12_IRQHandler
                0x0800422c                Default_Handler
                0x0800422c                EXTI15_10_IRQHandler
                0x0800422c                ADC_IRQHandler
                0x0800422c                DMA1_Stream7_IRQHandler
                0x0800422c                SPI5_IRQHandler
                0x0800422c                TIM7_IRQHandler
                0x0800422c                CAN2_TX_IRQHandler
                0x0800422c                TIM5_IRQHandler
                0x0800422c                DMA2_Stream7_IRQHandler
                0x0800422c                I2C3_EV_IRQHandler
                0x0800422c                EXTI9_5_IRQHandler
                0x0800422c                RTC_WKUP_IRQHandler
                0x0800422c                LTDC_IRQHandler
                0x0800422c                ETH_WKUP_IRQHandler
                0x0800422c                SPI2_IRQHandler
                0x0800422c                OTG_HS_EP1_IN_IRQHandler
                0x0800422c                CAN1_TX_IRQHandler
                0x0800422c                EXTI4_IRQHandler
                0x0800422c                ETH_IRQHandler
                0x0800422c                OTG_HS_EP1_OUT_IRQHandler
                0x0800422c                WWDG_IRQHandler
                0x0800422c                SPI6_IRQHandler
                0x0800422c                TIM2_IRQHandler
                0x0800422c                OTG_FS_WKUP_IRQHandler
                0x0800422c                TIM1_TRG_COM_TIM11_IRQHandler
                0x0800422c                OTG_HS_IRQHandler
                0x0800422c                DMA2D_IRQHandler
                0x0800422c                EXTI1_IRQHandler
                0x0800422c                UART7_IRQHandler
                0x0800422c                USART2_IRQHandler
                0x0800422c                I2C2_ER_IRQHandler
                0x0800422c                CAN1_SCE_IRQHandler
                0x0800422c                FLASH_IRQHandler
                0x0800422c                DMA2_Stream4_IRQHandler
                0x0800422c                USART1_IRQHandler
                0x0800422c                OTG_FS_IRQHandler
                0x0800422c                SPI3_IRQHandler
                0x0800422c                DMA1_Stream4_IRQHandler
                0x0800422c                I2C1_ER_IRQHandler
                0x0800422c                FMC_IRQHandler
                0x0800422c                DMA2_Stream6_IRQHandler
                0x0800422c                SAI1_IRQHandler
                0x0800422c                DMA1_Stream3_IRQHandler
 *fill*         0x0800422e        0x2 
 .text.__libc_init_array
                0x08004230       0x48 c:/program files (x86)/atollic/truestudio for stm32 9.3.0/armtools/bin/../lib/gcc/arm-atollic-eabi/6.3.1/../../../../arm-atollic-eabi/lib/armv7e-m/fpu\libc_nano.a(lib_a-init.o)
                0x08004230                __libc_init_array
 .text.memset   0x08004278       0x10 c:/program files (x86)/atollic/truestudio for stm32 9.3.0/armtools/bin/../lib/gcc/arm-atollic-eabi/6.3.1/../../../../arm-atollic-eabi/lib/armv7e-m/fpu\libc_nano.a(lib_a-memset.o)
                0x08004278                memset
 *(.glue_7)
 .glue_7        0x08004288        0x0 linker stubs
 *(.glue_7t)
 .glue_7t       0x08004288        0x0 linker stubs
 *(.eh_frame)
 .eh_frame      0x08004288        0x0 c:/program files (x86)/atollic/truestudio for stm32 9.3.0/armtools/bin/../lib/gcc/arm-atollic-eabi/6.3.1/armv7e-m/fpu/crtbegin.o
 *(.init)
 .init          0x08004288        0x4 c:/program files (x86)/atollic/truestudio for stm32 9.3.0/armtools/bin/../lib/gcc/arm-atollic-eabi/6.3.1/armv7e-m/fpu/crti.o
                0x08004288                _init
 .init          0x0800428c        0x8 c:/program files (x86)/atollic/truestudio for stm32 9.3.0/armtools/bin/../lib/gcc/arm-atollic-eabi/6.3.1/armv7e-m/fpu/crtn.o
 *(.fini)
 .fini          0x08004294        0x4 c:/program files (x86)/atollic/truestudio for stm32 9.3.0/armtools/bin/../lib/gcc/arm-atollic-eabi/6.3.1/armv7e-m/fpu/crti.o
                0x08004294                _fini
 .fini          0x08004298        0x8 c:/program files (x86)/atollic/truestudio for stm32 9.3.0/armtools/bin/../lib/gcc/arm-atollic-eabi/6.3.1/armv7e-m/fpu/crtn.o
                0x080042a0                . = ALIGN (0x4)
                0x080042a0                _etext = .

.vfp11_veneer   0x080042a0        0x0
 .vfp11_veneer  0x080042a0        0x0 linker stubs

.v4_bx          0x080042a0        0x0
 .v4_bx         0x080042a0        0x0 linker stubs

.iplt           0x080042a0        0x0
 .iplt          0x080042a0        0x0 c:/program files (x86)/atollic/truestudio for stm32 9.3.0/armtools/bin/../lib/gcc/arm-atollic-eabi/6.3.1/armv7e-m/fpu/crtbegin.o

.rodata         0x080042a0       0x20
                0x080042a0                . = ALIGN (0x4)
 *(.rodata)
 *(.rodata*)
 .rodata.flagBitshiftOffset.8715
                0x080042a0        0x8 Drivers\STM32F4xx_HAL_Driver\Src\stm32f4xx_hal_dma.o
 .rodata.AHBPrescTable
                0x080042a8       0x10 Src\system_stm32f4xx.o
                0x080042a8                AHBPrescTable
 .rodata.APBPrescTable
                0x080042b8        0x8 Src\system_stm32f4xx.o
                0x080042b8                APBPrescTable
                0x080042c0                . = ALIGN (0x4)

.ARM.extab
 *(.ARM.extab* .gnu.linkonce.armextab.*)

.ARM            0x080042c0        0x8
                0x080042c0                __exidx_start = .
 *(.ARM.exidx*)
 .ARM.exidx     0x080042c0        0x8 c:/program files (x86)/atollic/truestudio for stm32 9.3.0/armtools/bin/../lib/gcc/arm-atollic-eabi/6.3.1/armv7e-m/fpu\libgcc.a(_udivmoddi4.o)
                0x080042c8                __exidx_end = .

.rel.dyn        0x080042c8        0x0
 .rel.iplt      0x080042c8        0x0 c:/program files (x86)/atollic/truestudio for stm32 9.3.0/armtools/bin/../lib/gcc/arm-atollic-eabi/6.3.1/armv7e-m/fpu/crtbegin.o

.preinit_array  0x080042c8        0x0
                0x080042c8                PROVIDE (__preinit_array_start, .)
 *(.preinit_array*)
                0x080042c8                PROVIDE (__preinit_array_end, .)

.init_array     0x080042c8        0x4
                0x080042c8                PROVIDE (__init_array_start, .)
 *(SORT(.init_array.*))
 *(.init_array*)
 .init_array    0x080042c8        0x4 c:/program files (x86)/atollic/truestudio for stm32 9.3.0/armtools/bin/../lib/gcc/arm-atollic-eabi/6.3.1/armv7e-m/fpu/crtbegin.o
                0x080042cc                PROVIDE (__init_array_end, .)

.fini_array     0x080042cc        0x4
                [!provide]                PROVIDE (__fini_array_start, .)
 *(SORT(.fini_array.*))
 *(.fini_array*)
 .fini_array    0x080042cc        0x4 c:/program files (x86)/atollic/truestudio for stm32 9.3.0/armtools/bin/../lib/gcc/arm-atollic-eabi/6.3.1/armv7e-m/fpu/crtbegin.o
                [!provide]                PROVIDE (__fini_array_end, .)
                0x080042d0                _sidata = LOADADDR (.data)

.data           0x20000000        0xc load address 0x080042d0
                0x20000000                . = ALIGN (0x4)
                0x20000000                _sdata = .
 *(.data)
 *(.data*)
 .data.uwTickFreq
                0x20000000        0x1 Drivers\STM32F4xx_HAL_Driver\Src\stm32f4xx_hal.o
                0x20000000                uwTickFreq
 *fill*         0x20000001        0x3 
 .data.uwTickPrio
                0x20000004        0x4 Drivers\STM32F4xx_HAL_Driver\Src\stm32f4xx_hal.o
                0x20000004                uwTickPrio
 .data.SystemCoreClock
                0x20000008        0x4 Src\system_stm32f4xx.o
                0x20000008                SystemCoreClock
                0x2000000c                . = ALIGN (0x4)
                0x2000000c                _edata = .
                0x080042dc                _siccmram = LOADADDR (.ccmram)

.igot.plt       0x2000000c        0x0 load address 0x080042dc
 .igot.plt      0x2000000c        0x0 c:/program files (x86)/atollic/truestudio for stm32 9.3.0/armtools/bin/../lib/gcc/arm-atollic-eabi/6.3.1/armv7e-m/fpu/crtbegin.o

.ccmram         0x10000000        0x0 load address 0x080042dc
                0x10000000                . = ALIGN (0x4)
                0x10000000                _sccmram = .
 *(.ccmram)
 *(.ccmram*)
                0x10000000                . = ALIGN (0x4)
                0x10000000                _eccmram = .
                0x10000000                . = ALIGN (0x4)

.bss            0x2000000c      0x908
                0x2000000c                _sbss = .
                0x2000000c                __bss_start__ = _sbss
 *(.bss)
 .bss           0x2000000c       0x1c c:/program files (x86)/atollic/truestudio for stm32 9.3.0/armtools/bin/../lib/gcc/arm-atollic-eabi/6.3.1/armv7e-m/fpu/crtbegin.o
 *(.bss*)
 .bss.ACservoStatus
                0x20000028        0x1 Src\main.o
                0x20000028                ACservoStatus
 .bss.ActuatorStatus
                0x20000029        0x1 Src\main.o
                0x20000029                ActuatorStatus
 *fill*         0x2000002a        0x2 
 .bss.AssistForce.8908
                0x2000002c        0x4 Src\main.o
 .bss.AssistTorque.8888
                0x20000030        0x1 Src\main.o
 *fill*         0x20000031        0x3 
 .bss.EncoderCounter
                0x20000034        0x4 Src\main.o
                0x20000034                EncoderCounter
 .bss.ModStatus
                0x20000038        0x1 Src\main.o
                0x20000038                ModStatus
 *fill*         0x20000039        0x3 
 .bss.ResistForce.8938
                0x2000003c        0x4 Src\main.o
 .bss.ResistTorque.8899
                0x20000040        0x1 Src\main.o
 .bss.Step      0x20000041        0x1 Src\main.o
                0x20000041                Step
 .bss.SysStatus
                0x20000042        0x1 Src\main.o
                0x20000042                SysStatus
 .bss.abnormal  0x20000043        0x1 Src\main.o
                0x20000043                abnormal
 .bss.direction
                0x20000044        0x1 Src\main.o
                0x20000044                direction
 *fill*         0x20000045        0x3 
 .bss.force     0x20000048        0x4 Src\main.o
                0x20000048                force
 .bss.fst_num.8758
                0x2000004c        0x4 Src\main.o
 .bss.pulse     0x20000050        0x4 Src\main.o
                0x20000050                pulse
 .bss.torque    0x20000054        0x4 Src\main.o
                0x20000054                torque
 .bss.torque.8958
                0x20000058        0x1 Src\main.o
 .bss.torque.8968
                0x20000059        0x1 Src\main.o
 *fill*         0x2000005a        0x2 
 .bss.torque_lmt.8889
                0x2000005c        0x4 Src\main.o
 .bss.usart5_ACK
                0x20000060        0x1 Src\main.o
                0x20000060                usart5_ACK
 .bss.usart5_REQ
                0x20000061        0x1 Src\main.o
                0x20000061                usart5_REQ
 *fill*         0x20000062        0x2 
 .bss.usart5_cnt
                0x20000064        0x4 Src\main.o
                0x20000064                usart5_cnt
 .bss.usart5_flag
                0x20000068        0x1 Src\main.o
                0x20000068                usart5_flag
 .bss.usart5_status
                0x20000069        0x1 Src\main.o
                0x20000069                usart5_status
 *(COMMON)
 *fill*         0x2000006a        0x2 
 COMMON         0x2000006c        0x4 Drivers\STM32F4xx_HAL_Driver\Src\stm32f4xx_hal.o
                0x2000006c                uwTick
 COMMON         0x20000070      0x8a3 Src\main.o
                0x20000070                usart5_buffer
                0x20000080                hdma_uart4_rx
                0x200000e0                hdma_usart2_rx
                0x20000140                hdma_usart6_rx
                0x200001a0                usart6_data
                0x200001a8                hdma_usart3_rx
                0x20000208                huart3
                0x20000248                hpcd_USB_OTG_FS
                0x20000650                stroke2
                0x20000654                temp_data
                0x20000664                u2
                0x20000668                usart2_buffer
                0x20000674                stroke1
                0x20000678                usart2_data
                0x20000680                u1
                0x20000684                usart5_protocol
                0x20000694                huart5
                0x200006d4                usart5_data
                0x200006e4                hdac
                0x200006f8                pulse_data
                0x200006fc                htim1
                0x2000073c                usart6_buffer
                0x20000749                rx_data
                0x20000754                huart6
                0x20000794                huart4
                0x200007d4                htim2
                0x20000814                huart2
                0x20000854                hdma_uart5_rx
                0x200008b4                heth
                0x200008fc                mycommand
                0x200008fd                tx_data
                0x20000914                . = ALIGN (0x4)
 *fill*         0x20000913        0x1 
                0x20000914                _ebss = .
                0x20000914                __bss_end__ = _ebss

._user_heap_stack
                0x20000914      0x600
                0x20000914                . = ALIGN (0x4)
                0x20000914                PROVIDE (end, .)
                [!provide]                PROVIDE (_end, .)
                0x20000b14                . = (. + _Min_Heap_Size)
 *fill*         0x20000914      0x200 
                0x20000f14                . = (. + _Min_Stack_Size)
 *fill*         0x20000b14      0x400 
                0x20000f14                . = ALIGN (0x4)

/DISCARD/
 libc.a(*)
 libm.a(*)
 libgcc.a(*)

.ARM.attributes
                0x00000000       0x30
 *(.ARM.attributes)
 .ARM.attributes
                0x00000000       0x22 c:/program files (x86)/atollic/truestudio for stm32 9.3.0/armtools/bin/../lib/gcc/arm-atollic-eabi/6.3.1/armv7e-m/fpu/crti.o
 .ARM.attributes
                0x00000022       0x34 c:/program files (x86)/atollic/truestudio for stm32 9.3.0/armtools/bin/../lib/gcc/arm-atollic-eabi/6.3.1/armv7e-m/fpu/crtbegin.o
 .ARM.attributes
                0x00000056       0x39 Drivers\STM32F4xx_HAL_Driver\Src\stm32f4xx_hal.o
 .ARM.attributes
                0x0000008f       0x39 Drivers\STM32F4xx_HAL_Driver\Src\stm32f4xx_hal_cortex.o
 .ARM.attributes
                0x000000c8       0x39 Drivers\STM32F4xx_HAL_Driver\Src\stm32f4xx_hal_dac.o
 .ARM.attributes
                0x00000101       0x39 Drivers\STM32F4xx_HAL_Driver\Src\stm32f4xx_hal_dma.o
 .ARM.attributes
                0x0000013a       0x39 Drivers\STM32F4xx_HAL_Driver\Src\stm32f4xx_hal_eth.o
 .ARM.attributes
                0x00000173       0x39 Drivers\STM32F4xx_HAL_Driver\Src\stm32f4xx_hal_gpio.o
 .ARM.attributes
                0x000001ac       0x39 Drivers\STM32F4xx_HAL_Driver\Src\stm32f4xx_hal_pcd.o
 .ARM.attributes
                0x000001e5       0x39 Drivers\STM32F4xx_HAL_Driver\Src\stm32f4xx_hal_rcc.o
 .ARM.attributes
                0x0000021e       0x39 Drivers\STM32F4xx_HAL_Driver\Src\stm32f4xx_hal_tim.o
 .ARM.attributes
                0x00000257       0x39 Drivers\STM32F4xx_HAL_Driver\Src\stm32f4xx_hal_tim_ex.o
 .ARM.attributes
                0x00000290       0x39 Drivers\STM32F4xx_HAL_Driver\Src\stm32f4xx_hal_uart.o
 .ARM.attributes
                0x000002c9       0x39 Drivers\STM32F4xx_HAL_Driver\Src\stm32f4xx_ll_usb.o
 .ARM.attributes
                0x00000302       0x39 Src\main.o
 .ARM.attributes
                0x0000033b       0x39 Src\stm32f4xx_hal_msp.o
 .ARM.attributes
                0x00000374       0x39 Src\stm32f4xx_it.o
 .ARM.attributes
                0x000003ad       0x39 Src\system_stm32f4xx.o
 .ARM.attributes
                0x000003e6       0x21 startup\startup_stm32f429xx.o
 .ARM.attributes
                0x00000407       0x34 c:/program files (x86)/atollic/truestudio for stm32 9.3.0/armtools/bin/../lib/gcc/arm-atollic-eabi/6.3.1/../../../../arm-atollic-eabi/lib/armv7e-m/fpu\libc_nano.a(lib_a-init.o)
 .ARM.attributes
                0x0000043b       0x34 c:/program files (x86)/atollic/truestudio for stm32 9.3.0/armtools/bin/../lib/gcc/arm-atollic-eabi/6.3.1/../../../../arm-atollic-eabi/lib/armv7e-m/fpu\libc_nano.a(lib_a-memset.o)
 .ARM.attributes
                0x0000046f       0x22 c:/program files (x86)/atollic/truestudio for stm32 9.3.0/armtools/bin/../lib/gcc/arm-atollic-eabi/6.3.1/armv7e-m/fpu\libgcc.a(_aeabi_uldivmod.o)
 .ARM.attributes
                0x00000491       0x34 c:/program files (x86)/atollic/truestudio for stm32 9.3.0/armtools/bin/../lib/gcc/arm-atollic-eabi/6.3.1/armv7e-m/fpu\libgcc.a(_udivmoddi4.o)
 .ARM.attributes
                0x000004c5       0x22 c:/program files (x86)/atollic/truestudio for stm32 9.3.0/armtools/bin/../lib/gcc/arm-atollic-eabi/6.3.1/armv7e-m/fpu\libgcc.a(_dvmd_tls.o)
 .ARM.attributes
                0x000004e7       0x22 c:/program files (x86)/atollic/truestudio for stm32 9.3.0/armtools/bin/../lib/gcc/arm-atollic-eabi/6.3.1/armv7e-m/fpu/crtn.o
OUTPUT(gcubme2_b.elf elf32-littlearm)

.debug_info     0x00000000    0x153ae
 .debug_info    0x00000000      0xa63 Drivers\STM32F4xx_HAL_Driver\Src\stm32f4xx_hal.o
 .debug_info    0x00000a63      0xf6f Drivers\STM32F4xx_HAL_Driver\Src\stm32f4xx_hal_cortex.o
 .debug_info    0x000019d2      0xa79 Drivers\STM32F4xx_HAL_Driver\Src\stm32f4xx_hal_dac.o
 .debug_info    0x0000244b      0xa4c Drivers\STM32F4xx_HAL_Driver\Src\stm32f4xx_hal_dma.o
 .debug_info    0x00002e97     0x19a0 Drivers\STM32F4xx_HAL_Driver\Src\stm32f4xx_hal_eth.o
 .debug_info    0x00004837      0x78f Drivers\STM32F4xx_HAL_Driver\Src\stm32f4xx_hal_gpio.o
 .debug_info    0x00004fc6     0x1746 Drivers\STM32F4xx_HAL_Driver\Src\stm32f4xx_hal_pcd.o
 .debug_info    0x0000670c      0xa71 Drivers\STM32F4xx_HAL_Driver\Src\stm32f4xx_hal_rcc.o
 .debug_info    0x0000717d     0x34cf Drivers\STM32F4xx_HAL_Driver\Src\stm32f4xx_hal_tim.o
 .debug_info    0x0000a64c     0x12fe Drivers\STM32F4xx_HAL_Driver\Src\stm32f4xx_hal_tim_ex.o
 .debug_info    0x0000b94a     0x16c9 Drivers\STM32F4xx_HAL_Driver\Src\stm32f4xx_hal_uart.o
 .debug_info    0x0000d013     0x1b55 Drivers\STM32F4xx_HAL_Driver\Src\stm32f4xx_ll_usb.o
 .debug_info    0x0000eb68     0x3d0a Src\main.o
 .debug_info    0x00012872     0x205c Src\stm32f4xx_hal_msp.o
 .debug_info    0x000148ce      0x52d Src\stm32f4xx_it.o
 .debug_info    0x00014dfb      0x524 Src\system_stm32f4xx.o
 .debug_info    0x0001531f       0x8f startup\startup_stm32f429xx.o

.debug_abbrev   0x00000000     0x2bab
 .debug_abbrev  0x00000000      0x23d Drivers\STM32F4xx_HAL_Driver\Src\stm32f4xx_hal.o
 .debug_abbrev  0x0000023d      0x314 Drivers\STM32F4xx_HAL_Driver\Src\stm32f4xx_hal_cortex.o
 .debug_abbrev  0x00000551      0x258 Drivers\STM32F4xx_HAL_Driver\Src\stm32f4xx_hal_dac.o
 .debug_abbrev  0x000007a9      0x2e8 Drivers\STM32F4xx_HAL_Driver\Src\stm32f4xx_hal_dma.o
 .debug_abbrev  0x00000a91      0x357 Drivers\STM32F4xx_HAL_Driver\Src\stm32f4xx_hal_eth.o
 .debug_abbrev  0x00000de8      0x1ef Drivers\STM32F4xx_HAL_Driver\Src\stm32f4xx_hal_gpio.o
 .debug_abbrev  0x00000fd7      0x350 Drivers\STM32F4xx_HAL_Driver\Src\stm32f4xx_hal_pcd.o
 .debug_abbrev  0x00001327      0x2cb Drivers\STM32F4xx_HAL_Driver\Src\stm32f4xx_hal_rcc.o
 .debug_abbrev  0x000015f2      0x324 Drivers\STM32F4xx_HAL_Driver\Src\stm32f4xx_hal_tim.o
 .debug_abbrev  0x00001916      0x29c Drivers\STM32F4xx_HAL_Driver\Src\stm32f4xx_hal_tim_ex.o
 .debug_abbrev  0x00001bb2      0x2fb Drivers\STM32F4xx_HAL_Driver\Src\stm32f4xx_hal_uart.o
 .debug_abbrev  0x00001ead      0x33b Drivers\STM32F4xx_HAL_Driver\Src\stm32f4xx_ll_usb.o
 .debug_abbrev  0x000021e8      0x440 Src\main.o
 .debug_abbrev  0x00002628      0x289 Src\stm32f4xx_hal_msp.o
 .debug_abbrev  0x000028b1      0x1da Src\stm32f4xx_it.o
 .debug_abbrev  0x00002a8b      0x10e Src\system_stm32f4xx.o
 .debug_abbrev  0x00002b99       0x12 startup\startup_stm32f429xx.o

.debug_loc      0x00000000     0xa3d4
 .debug_loc     0x00000000      0x11b Drivers\STM32F4xx_HAL_Driver\Src\stm32f4xx_hal.o
 .debug_loc     0x0000011b      0x4fb Drivers\STM32F4xx_HAL_Driver\Src\stm32f4xx_hal_cortex.o
 .debug_loc     0x00000616      0x6bf Drivers\STM32F4xx_HAL_Driver\Src\stm32f4xx_hal_dac.o
 .debug_loc     0x00000cd5      0x727 Drivers\STM32F4xx_HAL_Driver\Src\stm32f4xx_hal_dma.o
 .debug_loc     0x000013fc      0xc76 Drivers\STM32F4xx_HAL_Driver\Src\stm32f4xx_hal_eth.o
 .debug_loc     0x00002072      0x36d Drivers\STM32F4xx_HAL_Driver\Src\stm32f4xx_hal_gpio.o
 .debug_loc     0x000023df      0xc30 Drivers\STM32F4xx_HAL_Driver\Src\stm32f4xx_hal_pcd.o
 .debug_loc     0x0000300f      0x336 Drivers\STM32F4xx_HAL_Driver\Src\stm32f4xx_hal_rcc.o
 .debug_loc     0x00003345     0x3009 Drivers\STM32F4xx_HAL_Driver\Src\stm32f4xx_hal_tim.o
 .debug_loc     0x0000634e      0xa7c Drivers\STM32F4xx_HAL_Driver\Src\stm32f4xx_hal_tim_ex.o
 .debug_loc     0x00006dca     0x1335 Drivers\STM32F4xx_HAL_Driver\Src\stm32f4xx_hal_uart.o
 .debug_loc     0x000080ff     0x1b55 Drivers\STM32F4xx_HAL_Driver\Src\stm32f4xx_ll_usb.o
 .debug_loc     0x00009c54      0x457 Src\main.o
 .debug_loc     0x0000a0ab      0x20d Src\stm32f4xx_hal_msp.o
 .debug_loc     0x0000a2b8      0x11c Src\system_stm32f4xx.o

.debug_aranges  0x00000000      0xdc0
 .debug_aranges
                0x00000000       0xf8 Drivers\STM32F4xx_HAL_Driver\Src\stm32f4xx_hal.o
 .debug_aranges
                0x000000f8       0xa8 Drivers\STM32F4xx_HAL_Driver\Src\stm32f4xx_hal_cortex.o
 .debug_aranges
                0x000001a0       0x98 Drivers\STM32F4xx_HAL_Driver\Src\stm32f4xx_hal_dac.o
 .debug_aranges
                0x00000238       0x80 Drivers\STM32F4xx_HAL_Driver\Src\stm32f4xx_hal_dma.o
 .debug_aranges
                0x000002b8       0xb0 Drivers\STM32F4xx_HAL_Driver\Src\stm32f4xx_hal_eth.o
 .debug_aranges
                0x00000368       0x58 Drivers\STM32F4xx_HAL_Driver\Src\stm32f4xx_hal_gpio.o
 .debug_aranges
                0x000003c0       0xc0 Drivers\STM32F4xx_HAL_Driver\Src\stm32f4xx_hal_pcd.o
 .debug_aranges
                0x00000480       0x88 Drivers\STM32F4xx_HAL_Driver\Src\stm32f4xx_hal_rcc.o
 .debug_aranges
                0x00000508      0x278 Drivers\STM32F4xx_HAL_Driver\Src\stm32f4xx_hal_tim.o
 .debug_aranges
                0x00000780       0xf8 Drivers\STM32F4xx_HAL_Driver\Src\stm32f4xx_hal_tim_ex.o
 .debug_aranges
                0x00000878      0x170 Drivers\STM32F4xx_HAL_Driver\Src\stm32f4xx_hal_uart.o
 .debug_aranges
                0x000009e8      0x198 Drivers\STM32F4xx_HAL_Driver\Src\stm32f4xx_ll_usb.o
 .debug_aranges
                0x00000b80       0xf0 Src\main.o
 .debug_aranges
                0x00000c70       0x88 Src\stm32f4xx_hal_msp.o
 .debug_aranges
                0x00000cf8       0x78 Src\stm32f4xx_it.o
 .debug_aranges
                0x00000d70       0x28 Src\system_stm32f4xx.o
 .debug_aranges
                0x00000d98       0x28 startup\startup_stm32f429xx.o

.debug_ranges   0x00000000     0x1338
 .debug_ranges  0x00000000       0xe8 Drivers\STM32F4xx_HAL_Driver\Src\stm32f4xx_hal.o
 .debug_ranges  0x000000e8      0x128 Drivers\STM32F4xx_HAL_Driver\Src\stm32f4xx_hal_cortex.o
 .debug_ranges  0x00000210       0x88 Drivers\STM32F4xx_HAL_Driver\Src\stm32f4xx_hal_dac.o
 .debug_ranges  0x00000298       0xc8 Drivers\STM32F4xx_HAL_Driver\Src\stm32f4xx_hal_dma.o
 .debug_ranges  0x00000360      0x108 Drivers\STM32F4xx_HAL_Driver\Src\stm32f4xx_hal_eth.o
 .debug_ranges  0x00000468       0x68 Drivers\STM32F4xx_HAL_Driver\Src\stm32f4xx_hal_gpio.o
 .debug_ranges  0x000004d0       0xe0 Drivers\STM32F4xx_HAL_Driver\Src\stm32f4xx_hal_pcd.o
 .debug_ranges  0x000005b0       0xb0 Drivers\STM32F4xx_HAL_Driver\Src\stm32f4xx_hal_rcc.o
 .debug_ranges  0x00000660      0x340 Drivers\STM32F4xx_HAL_Driver\Src\stm32f4xx_hal_tim.o
 .debug_ranges  0x000009a0       0xe8 Drivers\STM32F4xx_HAL_Driver\Src\stm32f4xx_hal_tim_ex.o
 .debug_ranges  0x00000a88      0x178 Drivers\STM32F4xx_HAL_Driver\Src\stm32f4xx_hal_uart.o
 .debug_ranges  0x00000c00      0x1a0 Drivers\STM32F4xx_HAL_Driver\Src\stm32f4xx_ll_usb.o
 .debug_ranges  0x00000da0      0x328 Src\main.o
 .debug_ranges  0x000010c8      0x1d0 Src\stm32f4xx_hal_msp.o
 .debug_ranges  0x00001298       0x68 Src\stm32f4xx_it.o
 .debug_ranges  0x00001300       0x18 Src\system_stm32f4xx.o
 .debug_ranges  0x00001318       0x20 startup\startup_stm32f429xx.o

.debug_line     0x00000000     0x6d5d
 .debug_line    0x00000000      0x43d Drivers\STM32F4xx_HAL_Driver\Src\stm32f4xx_hal.o
 .debug_line    0x0000043d      0x456 Drivers\STM32F4xx_HAL_Driver\Src\stm32f4xx_hal_cortex.o
 .debug_line    0x00000893      0x49f Drivers\STM32F4xx_HAL_Driver\Src\stm32f4xx_hal_dac.o
 .debug_line    0x00000d32      0x56f Drivers\STM32F4xx_HAL_Driver\Src\stm32f4xx_hal_dma.o
 .debug_line    0x000012a1      0x914 Drivers\STM32F4xx_HAL_Driver\Src\stm32f4xx_hal_eth.o
 .debug_line    0x00001bb5      0x3f8 Drivers\STM32F4xx_HAL_Driver\Src\stm32f4xx_hal_gpio.o
 .debug_line    0x00001fad      0x71e Drivers\STM32F4xx_HAL_Driver\Src\stm32f4xx_hal_pcd.o
 .debug_line    0x000026cb      0x4f4 Drivers\STM32F4xx_HAL_Driver\Src\stm32f4xx_hal_rcc.o
 .debug_line    0x00002bbf     0x1183 Drivers\STM32F4xx_HAL_Driver\Src\stm32f4xx_hal_tim.o
 .debug_line    0x00003d42      0x67d Drivers\STM32F4xx_HAL_Driver\Src\stm32f4xx_hal_tim_ex.o
 .debug_line    0x000043bf      0xb76 Drivers\STM32F4xx_HAL_Driver\Src\stm32f4xx_hal_uart.o
 .debug_line    0x00004f35      0x947 Drivers\STM32F4xx_HAL_Driver\Src\stm32f4xx_ll_usb.o
 .debug_line    0x0000587c      0xa6a Src\main.o
 .debug_line    0x000062e6      0x540 Src\stm32f4xx_hal_msp.o
 .debug_line    0x00006826      0x2da Src\stm32f4xx_it.o
 .debug_line    0x00006b00      0x1de Src\system_stm32f4xx.o
 .debug_line    0x00006cde       0x7f startup\startup_stm32f429xx.o

.debug_str      0x00000000     0x5a43
 .debug_str     0x00000000      0xc15 Drivers\STM32F4xx_HAL_Driver\Src\stm32f4xx_hal.o
                                0xc7e (size before relaxing)
 .debug_str     0x00000c15      0x4a3 Drivers\STM32F4xx_HAL_Driver\Src\stm32f4xx_hal_cortex.o
                                0xcfb (size before relaxing)
 .debug_str     0x000010b8      0x594 Drivers\STM32F4xx_HAL_Driver\Src\stm32f4xx_hal_dac.o
                                0x83f (size before relaxing)
 .debug_str     0x0000164c      0x2ef Drivers\STM32F4xx_HAL_Driver\Src\stm32f4xx_hal_dma.o
                                0x7e3 (size before relaxing)
 .debug_str     0x0000193b      0xb6b Drivers\STM32F4xx_HAL_Driver\Src\stm32f4xx_hal_eth.o
                                0xf86 (size before relaxing)
 .debug_str     0x000024a6      0x19a Drivers\STM32F4xx_HAL_Driver\Src\stm32f4xx_hal_gpio.o
                                0x570 (size before relaxing)
 .debug_str     0x00002640      0xab9 Drivers\STM32F4xx_HAL_Driver\Src\stm32f4xx_hal_pcd.o
                                0xda3 (size before relaxing)
 .debug_str     0x000030f9      0x2d5 Drivers\STM32F4xx_HAL_Driver\Src\stm32f4xx_hal_rcc.o
                                0x743 (size before relaxing)
 .debug_str     0x000033ce      0xfdc Drivers\STM32F4xx_HAL_Driver\Src\stm32f4xx_hal_tim.o
                               0x153a (size before relaxing)
 .debug_str     0x000043aa      0x548 Drivers\STM32F4xx_HAL_Driver\Src\stm32f4xx_hal_tim_ex.o
                                0xd52 (size before relaxing)
 .debug_str     0x000048f2      0x6d8 Drivers\STM32F4xx_HAL_Driver\Src\stm32f4xx_hal_uart.o
                                0xc85 (size before relaxing)
 .debug_str     0x00004fca      0x42a Drivers\STM32F4xx_HAL_Driver\Src\stm32f4xx_ll_usb.o
                                0xcb9 (size before relaxing)
 .debug_str     0x000053f4      0x4a9 Src\main.o
                               0x2263 (size before relaxing)
 .debug_str     0x0000589d       0x32 Src\stm32f4xx_hal_msp.o
                               0x1412 (size before relaxing)
 .debug_str     0x000058cf      0x12f Src\stm32f4xx_it.o
                                0x62b (size before relaxing)
 .debug_str     0x000059fe       0x45 Src\system_stm32f4xx.o
                                0x3d4 (size before relaxing)

.comment        0x00000000       0x7c
 .comment       0x00000000       0x7c Drivers\STM32F4xx_HAL_Driver\Src\stm32f4xx_hal.o
                                 0x7d (size before relaxing)
 .comment       0x0000007c       0x7d Drivers\STM32F4xx_HAL_Driver\Src\stm32f4xx_hal_cortex.o
 .comment       0x0000007c       0x7d Drivers\STM32F4xx_HAL_Driver\Src\stm32f4xx_hal_dac.o
 .comment       0x0000007c       0x7d Drivers\STM32F4xx_HAL_Driver\Src\stm32f4xx_hal_dma.o
 .comment       0x0000007c       0x7d Drivers\STM32F4xx_HAL_Driver\Src\stm32f4xx_hal_eth.o
 .comment       0x0000007c       0x7d Drivers\STM32F4xx_HAL_Driver\Src\stm32f4xx_hal_gpio.o
 .comment       0x0000007c       0x7d Drivers\STM32F4xx_HAL_Driver\Src\stm32f4xx_hal_pcd.o
 .comment       0x0000007c       0x7d Drivers\STM32F4xx_HAL_Driver\Src\stm32f4xx_hal_rcc.o
 .comment       0x0000007c       0x7d Drivers\STM32F4xx_HAL_Driver\Src\stm32f4xx_hal_tim.o
 .comment       0x0000007c       0x7d Drivers\STM32F4xx_HAL_Driver\Src\stm32f4xx_hal_tim_ex.o
 .comment       0x0000007c       0x7d Drivers\STM32F4xx_HAL_Driver\Src\stm32f4xx_hal_uart.o
 .comment       0x0000007c       0x7d Drivers\STM32F4xx_HAL_Driver\Src\stm32f4xx_ll_usb.o
 .comment       0x0000007c       0x7d Src\main.o
 .comment       0x0000007c       0x7d Src\stm32f4xx_hal_msp.o
 .comment       0x0000007c       0x7d Src\stm32f4xx_it.o
 .comment       0x0000007c       0x7d Src\system_stm32f4xx.o

.debug_frame    0x00000000     0x2a38
 .debug_frame   0x00000000      0x210 Drivers\STM32F4xx_HAL_Driver\Src\stm32f4xx_hal.o
 .debug_frame   0x00000210      0x158 Drivers\STM32F4xx_HAL_Driver\Src\stm32f4xx_hal_cortex.o
 .debug_frame   0x00000368      0x1dc Drivers\STM32F4xx_HAL_Driver\Src\stm32f4xx_hal_dac.o
 .debug_frame   0x00000544      0x150 Drivers\STM32F4xx_HAL_Driver\Src\stm32f4xx_hal_dma.o
 .debug_frame   0x00000694      0x268 Drivers\STM32F4xx_HAL_Driver\Src\stm32f4xx_hal_eth.o
 .debug_frame   0x000008fc       0xd8 Drivers\STM32F4xx_HAL_Driver\Src\stm32f4xx_hal_gpio.o
 .debug_frame   0x000009d4      0x2c4 Drivers\STM32F4xx_HAL_Driver\Src\stm32f4xx_hal_pcd.o
 .debug_frame   0x00000c98      0x13c Drivers\STM32F4xx_HAL_Driver\Src\stm32f4xx_hal_rcc.o
 .debug_frame   0x00000dd4      0x928 Drivers\STM32F4xx_HAL_Driver\Src\stm32f4xx_hal_tim.o
 .debug_frame   0x000016fc      0x360 Drivers\STM32F4xx_HAL_Driver\Src\stm32f4xx_hal_tim_ex.o
 .debug_frame   0x00001a5c      0x4a0 Drivers\STM32F4xx_HAL_Driver\Src\stm32f4xx_hal_uart.o
 .debug_frame   0x00001efc      0x45c Drivers\STM32F4xx_HAL_Driver\Src\stm32f4xx_ll_usb.o
 .debug_frame   0x00002358      0x358 Src\main.o
 .debug_frame   0x000026b0      0x1a4 Src\stm32f4xx_hal_msp.o
 .debug_frame   0x00002854      0x100 Src\stm32f4xx_it.o
 .debug_frame   0x00002954       0x38 Src\system_stm32f4xx.o
 .debug_frame   0x0000298c       0x2c c:/program files (x86)/atollic/truestudio for stm32 9.3.0/armtools/bin/../lib/gcc/arm-atollic-eabi/6.3.1/../../../../arm-atollic-eabi/lib/armv7e-m/fpu\libc_nano.a(lib_a-init.o)
 .debug_frame   0x000029b8       0x20 c:/program files (x86)/atollic/truestudio for stm32 9.3.0/armtools/bin/../lib/gcc/arm-atollic-eabi/6.3.1/../../../../arm-atollic-eabi/lib/armv7e-m/fpu\libc_nano.a(lib_a-memset.o)
 .debug_frame   0x000029d8       0x2c c:/program files (x86)/atollic/truestudio for stm32 9.3.0/armtools/bin/../lib/gcc/arm-atollic-eabi/6.3.1/armv7e-m/fpu\libgcc.a(_aeabi_uldivmod.o)
 .debug_frame   0x00002a04       0x34 c:/program files (x86)/atollic/truestudio for stm32 9.3.0/armtools/bin/../lib/gcc/arm-atollic-eabi/6.3.1/armv7e-m/fpu\libgcc.a(_udivmoddi4.o)
