main.c:156:6:HAL_GPIO_EXTI_Callback	0	static
main.c:165:6:readLoadcell	20	static
main.c:208:6:readTorque	20	static
main.c:242:9:command	12	static
main.c:315:6:readMotorDriver	24	static
main.c:419:6:HAL_UART_RxCpltCallback	8	static
main.c:457:6:CheckSum	8	static
main.c:467:6:MultiPosition	0	static
main.c:491:6:RotateCommand	16	static
main.c:505:6:CheckPosition	16	static
main.c:631:6:PositionCommand	16	static
main.c:651:6:CurrentCommand	24	static
main.c:734:6:SendData	16	static
main.c:837:6:SystemClock_Config	96	static
main.c:1435:6:CheckSafety	16	static
main.c:1618:6:Test	0	static
main.c:1633:6:Emergency	8	static
main.c:1419:6:CheckStatus	8	static
main.c:1650:6:Rotate_Assist	24	static
main.c:1742:6:Rotate_Resist	16	static
main.c:1786:6:Translate_Assist	24	static
main.c:2117:6:Translate_Resist	16	static
main.c:2321:6:PushOff	16	static
main.c:2349:6:wheel	16	static
main.c:2389:6:Adjust_Height_Up	8	static
main.c:1568:6:CheckMode	0	static
main.c:767:5:main	152	static
main.c:2403:6:Adjust_Height_Down	0	static
main.c:2424:6:Error_Handler	0	static
