stm32f4xx_hal_msp.c:75:6:HAL_MspInit	8	static
stm32f4xx_hal_msp.c:97:6:HAL_DAC_MspInit	40	static
stm32f4xx_hal_msp.c:130:6:HAL_DAC_MspDeInit	0	static
stm32f4xx_hal_msp.c:158:6:HAL_ETH_MspInit	72	static
stm32f4xx_hal_msp.c:225:6:HAL_ETH_MspDeInit	8	static
stm32f4xx_hal_msp.c:267:6:HAL_TIM_Base_MspInit	8	static
stm32f4xx_hal_msp.c:289:6:HAL_TIM_Encoder_MspInit	48	static
stm32f4xx_hal_msp.c:327:6:HAL_TIM_MspPostInit	32	static
stm32f4xx_hal_msp.c:362:6:HAL_TIM_Base_MspDeInit	0	static
stm32f4xx_hal_msp.c:384:6:HAL_TIM_Encoder_MspDeInit	8	static
stm32f4xx_hal_msp.c:415:6:HAL_UART_MspInit	104	static
stm32f4xx_hal_msp.c:658:6:HAL_UART_MspDeInit	8	static
stm32f4xx_hal_msp.c:773:6:HAL_PCD_MspInit	48	static
stm32f4xx_hal_msp.c:817:6:HAL_PCD_MspDeInit	0	static
